// Jest Snapshot v1, https://goo.gl/fbAQLP

exports[`Button tsx Element mounted 1`] = `
<button>
  Button
</button>
`;
