// Jest Snapshot v1, https://goo.gl/fbAQLP

exports[`getData axios data mock 1`] = `3`;
